b1:
  in:  âˆ…
  out: ('v', 'b1', 0)
b1:
  in:  âˆ…
  out: ('v', 'b1', 0), ('x', 'b1', 1)
