b1:
  in:  ∅
  out: ('v', 'b1', 0)
b2:
  in:  ∅
  out: ('v', 'b2', 0)
somewhere:
  in:  ('v', 'b1', 0), ('v', 'b2', 0)
  out: ('v', 'b1', 0), ('v', 'b2', 0)
